wifisec  ◐ minimal  paket:1  09:30:00
AVOID  (score 45)
Jaringan terbuka tanpa enkripsi; trafik non-HTTPS dapat disadap.

Temuan utama (2)                                  Tidak diperiksa (0)
  - weak_encryption                                 (tidak ada)
  - no_pmf                                        

Use case:
  browsing_umum        caution
  login_akun_pribadi   avoid
  kerja_sensitif       avoid
  internet_banking     avoid
